blkin-f24ceec055ea236a093988237a9821d145f5f7c8.tar.gz#blkin#https://api.github.com/repos/ceph/blkin/tarball/f24ceec055ea236a093988237a9821d145f5f7c8#https##
boost_1_67_0.tar.bz2#boost_1_67_0#https://dl.bintray.com/boostorg/release/1.67.0/source/boost_1_67_0.tar.bz2#https##
ceph-erasure-code-corpus-2d7d78b9cc52e8a9529d8cc2d2954c7d375d5dd7.tar.gz#ceph-erasure-code-corpus#https://api.github.com/repos/ceph/ceph-erasure-code-corpus/tarball/2d7d78b9cc52e8a9529d8cc2d2954c7d375d5dd7#https##
ceph-object-corpus-e32bf8ca3dc6151ebe7f205ba187815bc18e1cef.tar.gz#ceph-object-corpus#https://api.github.com/repos/ceph/ceph-object-corpus/tarball/e32bf8ca3dc6151ebe7f205ba187815bc18e1cef#https##
civetweb-ff2881e2cd5869a71ca91083bad5d12cccd22136.tar.gz#civetweb#https://api.github.com/repos/ceph/civetweb/tarball/ff2881e2cd5869a71ca91083bad5d12cccd22136#https##
dep-v0.5.0.tar.gz#dep-v0.5.0#https://github.com/golang/dep/archive/v0.5.0.tar.gz#http##
docker-distribution-48294d928ced5dd9b378f7fd7c6f5da3ff3f2c89.tar.gz#docker-distribution#github.com/docker/distribution/archive/48294d928ced5dd9b378f7fd7c6f5da3ff3f2c89.tar.gz#http##
docker-libtrust-fa567046d9b14f6aa788882a950d69651d230b21.tar.gz#docker-libtrust#https://github.com/docker/libtrust/archive/fa567046d9b14f6aa788882a950d69651d230b21.tar.gz#http##
dpdk-18.11.tar.xz#dpdk-18.11#http://fast.dpdk.org/rel/dpdk-18.11.tar.xz#http##
dpdk-6ece49ad5a26f5e2f5c4af6c06c30376c0ddc387.tar.gz#dpdk#https://api.github.com/repos/spdk/dpdk/tarball/6ece49ad5a26f5e2f5c4af6c06c30376c0ddc387#https##
dpkg_1.18.24.tar.xz#dpkg-1.18.24#http://http.debian.net/debian/pool/main/d/dpkg/dpkg_1.18.24.tar.xz#http##
drbd-8.4.11-1.tar.gz#drbd-8.4.11-1#http://www.linbit.com/downloads/drbd/8.4/drbd-8.4.11-1.tar.gz#http##
drbd-8.4.3.tar.gz#drbd-8.4.3#http://www.linbit.com/downloads/drbd/8.4/archive/drbd-8.4.3.tar.gz#http##
dtc-1.4.4.tar.gz#dtc-1.4.4#https://www.kernel.org/pub/software/utils/dtc/dtc-1.4.4.tar.gz#http##
e1000e-3.4.2.1.tar.gz#e1000e-3.4.2.1#https://sourceforge.net/projects/e1000/files/e1000e%20stable/3.4.2.1/e1000e-3.4.2.1.tar.gz#http##
etcd-v3.3.15.tar.gz#etcd-v3.3.15#https://github.com/etcd-io/etcd/archive/v3.3.15.tar.gz#http##
gf-complete-7e61b44404f0ed410c83cfd3947a52e88ae044e1.tar.gz#gf-complete#https://api.github.com/repos/ceph/gf-complete/tarball/7e61b44404f0ed410c83cfd3947a52e88ae044e1#https##
gnocchi-4.2.5.tar.gz#gnocchi-4.2.5#https://pypi.io/packages/source/g/gnocchi/gnocchi-4.2.5.tar.gz#http##
gnocchiclient-7.0.1.tar.gz#gnocchiclient-7.0.1#https://pypi.io/packages/source/g/gnocchiclient/gnocchiclient-7.0.1.tar.gz#http##
gnulib-ffc927e.tar.gz#gnulib-ffc927e#http://git.savannah.gnu.org/cgit/gnulib.git/snapshot/gnulib-ffc927eef29016a5219cd969daad8928af6a1f4d.tar.gz#http##
go1.12.10.src.tar.gz#go#https://dl.google.com/go/go1.12.10.src.tar.gz##https##
googletest-0a439623f75c029912728d80cb7f1b8b48739ca4.tar.gz#googletest#https://api.github.com/repos/google/googletest/tarball/0a439623f75c029912728d80cb7f1b8b48739ca4#https##
googletest-fdb850479284e2aae047b87df6beae84236d0135.tar.gz#googletest#https://api.github.com/repos/ceph/googletest/tarball/fdb850479284e2aae047b87df6beae84236d0135#https##
gophercloud-gophercloud-aa00757ee3ab58e53520b6cb910ca0543116400a.tar.gz#gophercloud-gophercloud#github.com/gophercloud/gophercloud/archive/aa00757ee3ab58e53520b6cb910ca0543116400a.tar.gz#http##
gorilla-context-08b5f424b9271eedf6f9f0ce86cb9396ed337a42.tar.gz#gorilla-context#https://github.com/gorilla/context/archive/08b5f424b9271eedf6f9f0ce86cb9396ed337a42.tar.gz#http##
gorilla-mux-456bcfa82d672db7cae587c9b541463f65bc2718.tar.gz#gorilla-mux#https://github.com/gorilla/mux/archive/456bcfa82d672db7cae587c9b541463f65bc2718.tar.gz#http##
helm-charts-92b6289ae93816717a8453cfe62bad51cbdb8ad0.tar.gz#helm-charts#https://github.com/helm/charts/archive/92b6289ae93816717a8453cfe62bad51cbdb8ad0.tar.gz#http##
helm-charts-elastic-2bd7616ceddbdf2eee88965e2028ee37d304c79c.tar.gz#helm-charts-elastic#https://github.com/elastic/helm-charts/archive/2bd7616ceddbdf2eee88965e2028ee37d304c79c.tar.gz#http##
helm-v2.13.1-linux-amd64.tar.gz#linux-amd64#https://storage.googleapis.com/kubernetes-helm/helm-v2.13.1-linux-amd64.tar.gz#http##
i40e-2.7.29.tar.gz#i40e-2.7.29#https://sourceforge.net/projects/e1000/files/i40e%20stable/2.7.29/i40e-2.7.29.tar.gz/download#http##
i40evf-3.6.15.tar.gz#i40evf-3.6.15#https://sourceforge.net/projects/e1000/files/i40evf%20stable/3.6.15/i40evf-3.6.15.tar.gz/download#http##
ibsh-0.3e.tar.gz#cgcs-users-1.0#https://sourceforge.net/projects/ibsh/files/ibsh/ibsh-0.3e/ibsh-0.3e.tar.gz/download#http##
!integrity-kmod-e6aef069.tar.gz#integrity#http://git.infradead.org/users/jjs/linux-tpmdd.git/snapshot/e6aef069b6e97790cb127d5eeb86ae9ff0b7b0e3.tar.gz#http_script##post-dl-script/integrity-kmod.sh
isa-l-7e1a337433a340bc0974ed0f04301bdaca374af6.tar.gz#isa-l#https://api.github.com/repos/ceph/isa-l/tarball/7e1a337433a340bc0974ed0f04301bdaca374af6#https##
isa-l_crypto-603529a4e06ac8a1662c13d6b31f122e21830352.tar.gz#isa-l_crypto#https://api.github.com/repos/01org/isa-l_crypto/tarball/603529a4e06ac8a1662c13d6b31f122e21830352#https##
ixgbe-5.5.5.tar.gz#ixgbe-5.5.5#https://sourceforge.net/projects/e1000/files/ixgbe%20stable/5.5.5/ixgbe-5.5.5.tar.gz/download#http##
ixgbevf-4.5.3.tar.gz#ixgbevf-4.5.3#https://sourceforge.net/projects/e1000/files/ixgbevf%20stable/4.5.3/ixgbevf-4.5.3.tar.gz/download#http##
jerasure-96c76b89d661c163f65a014b8042c9354ccf7f31.tar.gz#jerasure#https://api.github.com/repos/ceph/jerasure/tarball/96c76b89d661c163f65a014b8042c9354ccf7f31#https##
keycodemapdb-16e5b07.tar.gz#keycodemapdb#https://github.com/CendioOssman/keycodemapdb/tarball/16e5b0787687d8904dad2c026107409eb9bfcb95#http##
kubernetes-contrib-v1.16.2.tar.gz#kubernetes-contrib-1.16.2#https://github.com/kubernetes-retired/contrib/tarball/89f6948e24578fed2a90a87871b2263729f90ac3#http##
kubernetes-v1.16.2.tar.gz#kubernetes-1.16.2#https://github.com/kubernetes/kubernetes/archive/v1.16.2.tar.gz#http##
kvm-unit-tests.git-4ea7633.tar.bz2#kvm-unit-tests#https://git.kernel.org/pub/scm/virt/kvm/kvm-unit-tests.git/snapshot/kvm-unit-tests-20171020.tar.gz#http##
ldapscripts-2.0.8.tgz#ldapscripts-2.0.8#https://sourceforge.net/projects/ldapscripts/files/ldapscripts/ldapscripts-2.0.8/ldapscripts-2.0.8.tgz/download#http##
libtpms-0.6.0-4f0d59d.tar.gz#libtpms-0.6.0#https://github.com/stefanberger/libtpms/tarball/c421ca0f4d00c0caceeda8d62c1efb2b7e47db04#http##
lldpd-0.9.0.tar.gz#lldpd-0.9.0#https://media.luffy.cx/files/lldpd/lldpd-0.9.0.tar.gz#http##
lua-1fce39c6397056db645718b8f5821571d97869a4.tar.gz#lua#https://api.github.com/repos/ceph/lua/tarball/1fce39c6397056db645718b8f5821571d97869a4#https##
!mariadb-10.1.28.tar.gz#mariadb-10.1.28#https://github.com/MariaDB/server/archive/mariadb-10.1.28.tar.gz#http_script##post-dl-script/mariadb.sh
!MLNX_OFED_SRC-4.5-1.0.1.0.tgz#MLNX_OFED_SRC-4.5-1.0.1.0#http://content.mellanox.com/ofed/MLNX_OFED-4.5-1.0.1.0/MLNX_OFED_SRC-4.5-1.0.1.0.tgz#http_script##post-dl-script/MLNX_OFEDqat1.7.sh
opae-intel-fpga-driver-1.3.0-2.tar.gz#opae-intel-fpga-driver-1.3.0-2#https://github.com/OPAE/opae-sdk/releases/download/1.3.0-2/opae-intel-fpga-driver-1.3.0-2.tar.gz#http##
openstack-helm-6c71637222f47d85681038994f02feac92f75bd2.tar.gz#openstack-helm#https://github.com/openstack/openstack-helm/archive/6c71637222f47d85681038994f02feac92f75bd2.tar.gz#http##
openstack-helm-infra-aae64213c95fbcea7a0a7671dcb9d8a366f16fa5.tar.gz#openstack-helm-infra#https://github.com/openstack/openstack-helm-infra/archive/aae64213c95fbcea7a0a7671dcb9d8a366f16fa5.tar.gz#http##
openvswitch-2.11.0.tar.gz#openvswitch-2.11.0#https://github.com/openvswitch/ovs/archive/v2.11.0.tar.gz#http##
puppet-boolean-22b726dd78b0a60a224cc7054aebbf28e9306f62.tar.gz#puppet-boolean#https://github.com/voxpupuli/puppet-boolean/tarball/22b726dd78b0a60a224cc7054aebbf28e9306f62#http##
puppet-dnsmasq-cff07e90890662972c97684a2baee964f68ff3ed.tar.gz#packstack/puppet/modules/dnsmasq/#https://github.com/procore/puppet-dnsmasq/tarball/cff07e90890662972c97684a2baee964f68ff3ed#http##
puppet-filemapper-9b53310278e76827bbe12a36cc6470d77071abb2.tar.gz#packstack/puppet/modules/filemapper#https://github.com/voxpupuli/puppet-filemapper/tarball/9b53310278e76827bbe12a36cc6470d77071abb2#http##
puppetlabs-create_resources-4639819a7f3a4fa9310d2ba583c63e467df7e2c3.tar.gz#packstack/puppet/modules/create_resources#https://github.com/puppetlabs/puppetlabs-create_resources/tarball/4639819a7f3a4fa9310d2ba583c63e467df7e2c3#http##
puppetlabs-drbd-496b3ba9cd74a2d12636f9e90a718739a5451169.tar.gz#puppetlabs-drbd#https://github.com/voxpupuli/puppet-drbd/tarball/496b3ba9cd74a2d12636f9e90a718739a5451169#http##
puppetlabs-lvm-d0283da637ae24550fb4ba109a48ef8d5d8c8b84.tar.gz#packstack/puppet/modules/lvm#https://github.com/puppetlabs/puppetlabs-lvm/tarball/d0283da637ae24550fb4ba109a48ef8d5d8c8b84#http##
puppetlabs-postgresql-d022a56b28b2174456fc0f6adc51a4b54493afad.tar.gz#puppetlabs-postgresql#https://github.com/puppetlabs/puppetlabs-postgresql/tarball/d022a56b28b2174456fc0f6adc51a4b54493afad#http##
puppet-ldap-480f13af6d17d1d3fcf0dc7b4bd04b49fa4099e1.tar.gz#puppet-ldap-master#https://github.com/torian/puppet-ldap/tarball/480f13af6d17d1d3fcf0dc7b4bd04b49fa4099e1#http##
puppet-network-7deacd5fdc22c0543455878a8d1872f2f5417c1d.tar.gz#packstack/puppet/modules/network#https://github.com/voxpupuli/puppet-network/tarball/7deacd5fdc22c0543455878a8d1872f2f5417c1d#http##
puppet-nslcd-b8c19b1ada89865f2e50758e054583798ad8011a.tar.gz#packstack/puppet/modules/nslcd#https://github.com/jlyheden/puppet-nslcd/tarball/b8c19b1ada89865f2e50758e054583798ad8011a#http##
puppi-c1c47f4edfd761d1bbde32a75da0c3fa7cc93a81.tar.gz#puppi-master#https://github.com/example42/puppi/tarball/c1c47f4edfd761d1bbde32a75da0c3fa7cc93a81#http##
python-cephclient-v0.1.0.5.tar.gz#python-cephclient-0.1.0.5#https://github.com/dmsimard/python-cephclient/archive/v0.1.0.5.tar.gz#http##
python-setuptools-v38.5.1.tar.gz#setuptools-38.5.1#https://github.com/pypa/setuptools/archive/v38.5.1.tar.gz#http##
python-smartpm-1.4.1.tar.gz#smart-1.4.1#http://launchpad.net/smart/trunk/1.4.1/+download/smart-1.4.1.tar.bz2#http##
!qat1.7.l.4.5.0-00034.tar.gz#quickassist#https://01.org/sites/default/files/downloads/qat1.7.l.4.5.0-00034.tar.gz#http_script##post-dl-script/qat1.7.sh
rapidjson-f54b0e47a08782a6131cc3d60f94d038fa6e0a51.tar.gz#rapidjson#https://api.github.com/repos/ceph/rapidjson/tarball/f54b0e47a08782a6131cc3d60f94d038fa6e0a51#https##
Redfishtool-1.1.0.tar.gz#Redfishtool-1.1.0#https://github.com/DMTF/Redfishtool/archive/1.1.0.tar.gz#http##
requests-toolbelt-0.9.1.tar.gz#requests-toolbelt-0.9.1#https://github.com/requests/toolbelt/archive/0.9.1.tar.gz#http##
rocksdb-f4a857da0b720691effc524469f6db895ad00d8e.tar.gz#rocksdb#https://api.github.com/repos/ceph/rocksdb/tarball/f4a857da0b720691effc524469f6db895ad00d8e#https##
rpm-4.14.0.tar.bz2#rpm-4.14.0#https://ftp.osuosl.org/pub/rpm/releases/rpm-4.14.x/rpm-4.14.0.tar.bz2#http##
Sirupsen-logrus-55eb11d21d2a31a3cc93838241d04800f52e823d.tar.gz#Sirupsen-logrus#github.com/Sirupsen/logrus/archive/55eb11d21d2a31a3cc93838241d04800f52e823d.tar.gz#http##
spdk-f474ce6930f0a44360e1cc4ecd606d2348481c4c.tar.gz#spdk#https://api.github.com/repos/ceph/spdk/tarball/f474ce6930f0a44360e1cc4ecd606d2348481c4c#https##
spectre-meltdown-checker-0.37+-5cc77741.tar.gz#spectre-meltdown-checker#https://github.com/speed47/spectre-meltdown-checker/tarball/5cc77741af1d2f52140aa9f89339f56b6c4b6783#http##
swtpm-0.1.0-253eac5.tar.gz#swtpm-0.1.0#https://github.com/stefanberger/swtpm/tarball/1303be7d03294fb02204cb8242f366cbf0da076d#http##
!tpm-kmod-e6aef069.tar.gz#tpm#http://git.infradead.org/users/jjs/linux-tpmdd.git/snapshot/e6aef069b6e97790cb127d5eeb86ae9ff0b7b0e3.tar.gz#http_script#post-dl-script/tpm-kmod.sh
!tss2-930.tar.gz#tss2-930#https://git.code.sf.net/p/ibmtpm20tss/tss#git#v930#
xxHash-1f40c6511fa8dd9d2e337ca8c9bc18b3e87663c9.tar.gz#xxHash#https://api.github.com/repos/ceph/xxHash/tarball/1f40c6511fa8dd9d2e337ca8c9bc18b3e87663c9#https##
zstd-f4340f46b2387bc8de7d5320c0b83bb1499933ad.tar.gz#zstd#https://api.github.com/repos/facebook/zstd/tarball/f4340f46b2387bc8de7d5320c0b83bb1499933ad#https##
