facter-2.4.4-4.el8.src.rpm#https://raw.githubusercontent.com/StarlingX-Neusoft/Centos8/master/Stx-srpm/facter-2.4.4-4.el8.src.rpm
GeoIP-1.6.12-5.el8.x86_64.rpm#http://www6.atomicorp.com/channels/atomic/centos/8/x86_64/RPMS/GeoIP-1.6.12-5.el8.x86_64.rpm
GeoIP-devel-1.6.12-5.el8.x86_64.rpm#http://www6.atomicorp.com/channels/atomic/centos/8/x86_64/RPMS/GeoIP-devel-1.6.12-5.el8.x86_64.rpm
GeoIP-GeoLite-data-2018.06-3.el8.noarch.rpm#http://www6.atomicorp.com/channels/atomic/centos/8/x86_64/RPMS/GeoIP-GeoLite-data-2018.06-3.el8.noarch.rpm
lighttpd-1.4.54-1.el8.src.rpm#https://raw.githubusercontent.com/StarlingX-Neusoft/Centos8/master/Stx-srpm/lighttpd-1.4.54-1.el8.src.rpm
mysql-community-client-8.0.17-1.el8.x86_64.rpm#http://repo.mysql.com/yum/mysql-8.0-community/el/8/x86_64//mysql-community-client-8.0.17-1.el8.x86_64.rpm
mysql-community-common-8.0.17-1.el8.x86_64.rpm#http://repo.mysql.com/yum/mysql-8.0-community/el/8/x86_64//mysql-community-common-8.0.17-1.el8.x86_64.rpm
mysql-community-devel-8.0.17-1.el8.x86_64.rpm#http://repo.mysql.com/yum/mysql-8.0-community/el/8/x86_64//mysql-community-devel-8.0.17-1.el8.x86_64.rpm
mysql-community-libs-8.0.17-1.el8.x86_64.rpm#http://repo.mysql.com/yum/mysql-8.0-community/el/8/x86_64//mysql-community-libs-8.0.17-1.el8.x86_64.rpm
mysql-community-server-8.0.17-1.el8.x86_64.rpm#http://repo.mysql.com/yum/mysql-8.0-community/el/8/x86_64//mysql-community-server-8.0.17-1.el8.x86_64.rpm
python3-pyparsing-2.4.5-1.el8.noarch.rpm#https://forensics.cert.org/centos/cert/8/x86_64//python3-pyparsing-2.4.5-1.el8.noarch.rpm

